../Drivers/CMSIS/Include/core_cm4.h:1688:22:__NVIC_EnableIRQ	16	static
../Core/Src/main.c:88:5:main	8	static
../Core/Src/main.c:235:6:SystemClock_Config	88	static
../Core/Src/main.c:282:13:MX_USART2_UART_Init	8	static
../Core/Src/main.c:315:13:MX_GPIO_Init	48	static
../Core/Src/main.c:344:6:EXTI0_IRQHandler	4	static
../Core/Src/main.c:365:6:EXTI4_IRQHandler	16	static
../Core/Src/main.c:383:6:TIM3_IRQHandler	24	static,ignoring_inline_asm
../Core/Src/main.c:460:6:Error_Handler	4	static,ignoring_inline_asm
