../Drivers/CMSIS/Include/core_cm4.h:1688:22:void __NVIC_EnableIRQ(IRQn_Type)	16	static
../Core/Src/lib.hpp:64:6:void setPinMode(GPIO_TypeDef*, uint8_t, uint8_t, uint8_t, uint8_t)	16	static
../Core/Src/lib.hpp:87:6:void setAlternateFunction(GPIO_TypeDef*, uint8_t, uint8_t)	16	static
../Core/Src/lib.hpp:102:6:void writeBit(GPIO_TypeDef*, uint8_t, uint8_t)	16	static
../Core/Src/lib.hpp:111:10:uint32_t readBit(GPIO_TypeDef*, uint8_t)	16	static
../Core/Src/main.cpp:107:5:int main()	48	static
../Core/Src/main.cpp:285:6:void SystemClock_Config()	88	static
../Core/Src/main.cpp:332:13:void MX_USART2_UART_Init()	8	static
../Core/Src/main.cpp:373:13:void MX_GPIO_Init()	48	static
../Core/Src/main.cpp:425:6:void EXTI1_IRQHandler()	24	static
../Core/Src/main.cpp:452:6:void EXTI4_IRQHandler()	32	static
../Core/Src/main.cpp:477:6:void TIM3_Init()	8	static
../Core/Src/main.cpp:488:6:void TIM3_IRQHandler()	16	static,ignoring_inline_asm
../Core/Src/main.cpp:536:6:void TIM2_Init()	4	static
../Core/Src/main.cpp:546:6:void TIM5_Init()	4	static
../Core/Src/main.cpp:557:13:void TIM4_Init()	4	static
../Core/Src/main.cpp:565:6:void DelayUS(unsigned int)	16	static
../Core/Src/main.cpp:570:13:void ADC1_Init()	8	static
../Core/Src/main.cpp:583:6:void ADC_IRQHandler()	8	static
../Core/Src/main.cpp:593:9:uint8_t USART2_read()	4	static
../Core/Src/main.cpp:598:6:void USART2_write(uint8_t)	16	static
../Core/Src/main.cpp:608:6:void Error_Handler()	4	static,ignoring_inline_asm
