../Drivers/CMSIS/Include/core_cm4.h:1688:22:__NVIC_EnableIRQ	16	static
../Core/Src/main.c:77:5:main	8	static
../Core/Src/main.c:123:6:SystemClock_Config	88	static
../Core/Src/main.c:170:13:MX_USART2_UART_Init	8	static
../Core/Src/main.c:203:13:MX_GPIO_Init	48	static
../Core/Src/main.c:232:6:ledConfig	4	static
../Core/Src/main.c:248:6:timerConfig	8	static
../Core/Src/main.c:269:6:buttonConfig	8	static
../Core/Src/main.c:295:6:TIM2_IRQHandler	4	static
../Core/Src/main.c:302:6:EXTI15_10_IRQHandler	16	static
../Core/Src/main.c:322:6:Error_Handler	4	static,ignoring_inline_asm
