../Drivers/CMSIS/Include/core_cm4.h:1688:22:void __NVIC_EnableIRQ(IRQn_Type)	16	static
../Core/Src/lib.hpp:64:6:void setPinMode(GPIO_TypeDef*, uint8_t, uint8_t, uint8_t, uint8_t)	16	static
../Core/Src/lib.hpp:87:6:void setAlternateFunction(GPIO_TypeDef*, uint8_t, uint8_t)	16	static
../Core/Src/lib.hpp:102:6:void writeBit(GPIO_TypeDef*, uint8_t, uint8_t)	16	static
../Core/Src/lib.hpp:111:10:uint32_t readBit(GPIO_TypeDef*, uint8_t)	16	static
../Core/Src/main.cpp:95:5:int main()	48	static
../Core/Src/main.cpp:238:6:void SystemClock_Config()	88	static
../Core/Src/main.cpp:285:13:void MX_USART2_UART_Init()	8	static
../Core/Src/main.cpp:318:13:void MX_GPIO_Init()	48	static
../Core/Src/main.cpp:348:6:void TIM3_Init()	8	static
../Core/Src/main.cpp:359:6:void TIM3_IRQHandler()	16	static,ignoring_inline_asm
../Core/Src/main.cpp:407:6:void USART2_Init()	4	static
../Core/Src/main.cpp:420:6:void USART2_IRQHandler()	4	static
../Core/Src/main.cpp:443:9:uint8_t USART2_read()	4	static
../Core/Src/main.cpp:448:6:void USART2_write(uint8_t)	16	static
../Core/Src/main.cpp:458:6:void Error_Handler()	4	static,ignoring_inline_asm
